{"ts":1750216226302,"action":"PROJECT_OPENED","tags":{"PROJECT_NAME":"uniapp-toolkit"}}
{"ts":1750216229559,"action":"IDE_DEACTIVATED"}
{"ts":1750216230328,"action":"FILE_OPENED","file":"/src/main/resources/META-INF/plugin.xml","tags":{"FILE_LINE_OF_CODE":"29"}}
{"ts":1750216230343,"action":"FILE_CLOSED","file":"/src/main/resources/META-INF/plugin.xml","tags":{"FILE_LINE_OF_CODE":"29"}}
{"ts":1750216230362,"action":"FILE_OPENED","file":"/build.gradle.kts","tags":{"FILE_LINE_OF_CODE":"51"}}
{"ts":1750216231736,"action":"IDE_ACTIVATED"}
{"ts":1750216257175,"action":"IDE_DEACTIVATED"}
{"ts":1750216297714,"action":"IDE_ACTIVATED"}
{"ts":1750216479158,"action":"IDE_DEACTIVATED"}
{"ts":1750216564242,"action":"IDE_ACTIVATED"}
{"ts":1750216573526,"action":"IDE_DEACTIVATED"}
{"ts":1750216588778,"action":"IDE_ACTIVATED"}
{"ts":1750216682974,"action":"IDE_DEACTIVATED"}
{"ts":1750216685341,"action":"IDE_ACTIVATED"}
{"ts":1750216685399,"action":"IDE_DEACTIVATED"}
{"ts":1750225584365,"action":"IDE_ACTIVATED"}
{"ts":1750225590981,"action":"FILE_CLOSED","file":"/build.gradle.kts","tags":{"FILE_LINE_OF_CODE":"51"}}
{"ts":1750225591034,"action":"FILE_OPENED","file":"/.gitignore","tags":{"FILE_LINE_OF_CODE":"42"}}
{"ts":1750225594679,"action":"IDE_DEACTIVATED"}
{"ts":1750225659284,"action":"IDE_ACTIVATED"}
{"ts":1750225662746,"action":"IDE_DEACTIVATED"}
